 
****************************************
Report : timing
        -path full
        -delay max
        -max_paths 1
Design : MyDesign
Version: T-2022.03-SP4
Date   : Sat Nov 16 22:40:52 2024
****************************************

Operating Conditions: slow   Library: NangateOpenCellLibrary_PDKv1_2_v2008_10_slow_nldm
Wire Load Model Mode: top

  Startpoint: A_rows_reg[6]
              (rising edge-triggered flip-flop clocked by clk)
  Endpoint: dut__tb__sram_result_write_address_reg[15]
            (rising edge-triggered flip-flop clocked by clk)
  Path Group: clk
  Path Type: max

  Point                                                   Incr       Path
  --------------------------------------------------------------------------
  clock clk (rise edge)                                 0.0000     0.0000
  clock network delay (ideal)                           0.0000     0.0000
  A_rows_reg[6]/CK (DFF_X1)                             0.0000     0.0000 r
  A_rows_reg[6]/Q (DFF_X1)                              0.6585     0.6585 r
  U2048/ZN (INV_X4)                                     0.2047     0.8632 f
  U2483/ZN (NOR2_X1)                                    0.6082     1.4714 r
  U2489/S (HA_X1)                                       0.6767     2.1481 r
  U2534/S (FA_X1)                                       0.8142     2.9623 f
  U2546/S (FA_X1)                                       0.8300     3.7923 f
  U1135/ZN (OR2_X2)                                     0.2444     4.0367 f
  U2582/ZN (NAND2_X1)                                   0.1035     4.1402 r
  U2584/ZN (NAND2_X1)                                   0.0950     4.2352 f
  U2585/ZN (NAND2_X1)                                   0.1490     4.3842 r
  U1000/ZN (NAND2_X1)                                   0.1068     4.4910 f
  U2607/CO (FA_X1)                                      0.4718     4.9629 f
  U2630/ZN (INV_X1)                                     0.1186     5.0815 r
  U2631/ZN (OAI22_X1)                                   0.1085     5.1900 f
  U3165/ZN (AOI22_X1)                                   0.3411     5.5312 r
  U1297/ZN (INV_X1)                                     0.0784     5.6096 f
  U4916/ZN (NAND2_X1)                                   0.1200     5.7296 r
  U4918/ZN (NAND2_X1)                                   0.0962     5.8258 f
  U5034/ZN (NAND2_X1)                                   0.1091     5.9350 r
  U1359/ZN (NAND2_X1)                                   0.1068     6.0418 f
  U5256/CO (FA_X1)                                      0.4363     6.4781 f
  U1003/ZN (INV_X1)                                     0.1513     6.6294 r
  U1023/ZN (XNOR2_X2)                                   0.3272     6.9566 r
  U6900/ZN (XNOR2_X1)                                   0.3545     7.3111 r
  U6905/ZN (XNOR2_X1)                                   0.3809     7.6921 r
  U1039/ZN (INV_X1)                                     0.0975     7.7896 f
  U1980/ZN (XNOR2_X1)                                   0.2514     8.0410 r
  U1033/Z (XOR2_X1)                                     0.4202     8.4612 r
  U7621/ZN (NAND2_X1)                                   0.1021     8.5633 f
  U7671/ZN (NAND4_X1)                                   0.2135     8.7768 r
  U1027/ZN (XNOR2_X1)                                   0.3856     9.1623 r
  U1008/ZN (XNOR2_X1)                                   0.3362     9.4985 r
  U7673/ZN (OAI21_X1)                                   0.1249     9.6235 f
  dut__tb__sram_result_write_address_reg[15]/D (DFF_X2)
                                                        0.0000     9.6235 f
  data arrival time                                                9.6235

  clock clk (rise edge)                                10.0000    10.0000
  clock network delay (ideal)                           0.0000    10.0000
  clock uncertainty                                    -0.0500     9.9500
  dut__tb__sram_result_write_address_reg[15]/CK (DFF_X2)
                                                        0.0000     9.9500 r
  library setup time                                   -0.3215     9.6285
  data required time                                               9.6285
  --------------------------------------------------------------------------
  data required time                                               9.6285
  data arrival time                                               -9.6235
  --------------------------------------------------------------------------
  slack (MET)                                                      0.0050


1
